Archive member included to satisfy reference by file (symbol)

libopencm3/lib/libopencm3_stm32f1.a(crc_common_all.o)
                              stm32_loader.o (crc_reset)
libopencm3/lib/libopencm3_stm32f1.a(desig_common_v1.o)
                              stm32_loader.o (desig_get_flash_size)
libopencm3/lib/libopencm3_stm32f1.a(dma_common_l1f013.o)
                              stm32_loader.o (dma_clear_interrupt_flags)
libopencm3/lib/libopencm3_stm32f1.a(flash.o)
                              stm32_loader.o (flash_erase_page)
libopencm3/lib/libopencm3_stm32f1.a(flash_common_f.o)
                              stm32_loader.o (flash_unlock)
libopencm3/lib/libopencm3_stm32f1.a(flash_common_f01.o)
                              libopencm3/lib/libopencm3_stm32f1.a(flash.o) (flash_clear_pgerr_flag)
libopencm3/lib/libopencm3_stm32f1.a(gpio.o)
                              stm32_loader.o (gpio_set_mode)
libopencm3/lib/libopencm3_stm32f1.a(gpio_common_all.o)
                              stm32_loader.o (gpio_set)
libopencm3/lib/libopencm3_stm32f1.a(iwdg_common_all.o)
                              stm32_loader.o (iwdg_start)
libopencm3/lib/libopencm3_stm32f1.a(rcc.o)
                              stm32_loader.o (rcc_wait_for_osc_ready)
libopencm3/lib/libopencm3_stm32f1.a(rcc_common_all.o)
                              stm32_loader.o (rcc_peripheral_enable_clock)
libopencm3/lib/libopencm3_stm32f1.a(usart_common_all.o)
                              stm32_loader.o (usart_set_baudrate)
libopencm3/lib/libopencm3_stm32f1.a(usart_common_f124.o)
                              libopencm3/lib/libopencm3_stm32f1.a(usart_common_all.o) (usart_send)
libopencm3/lib/libopencm3_stm32f1.a(vector.o)
                              (reset_handler)
libopencm3/lib/libopencm3_stm32f1.a(assert.o)
                              libopencm3/lib/libopencm3_stm32f1.a(rcc.o) (cm3_assert_failed)
libopencm3/lib/libopencm3_stm32f1.a(flash_common_all.o)
                              libopencm3/lib/libopencm3_stm32f1.a(rcc.o) (flash_set_ws)

Discarded input sections

 .text          0x0000000000000000        0x0 stm32_loader.o
 .data          0x0000000000000000        0x0 stm32_loader.o
 .bss           0x0000000000000000        0x0 stm32_loader.o
 .group         0x0000000000000000        0xc libopencm3/lib/libopencm3_stm32f1.a(crc_common_all.o)
 .group         0x0000000000000000        0xc libopencm3/lib/libopencm3_stm32f1.a(crc_common_all.o)
 .group         0x0000000000000000        0xc libopencm3/lib/libopencm3_stm32f1.a(crc_common_all.o)
 .group         0x0000000000000000        0xc libopencm3/lib/libopencm3_stm32f1.a(crc_common_all.o)
 .group         0x0000000000000000        0xc libopencm3/lib/libopencm3_stm32f1.a(crc_common_all.o)
 .group         0x0000000000000000        0xc libopencm3/lib/libopencm3_stm32f1.a(crc_common_all.o)
 .group         0x0000000000000000        0xc libopencm3/lib/libopencm3_stm32f1.a(crc_common_all.o)
 .group         0x0000000000000000        0xc libopencm3/lib/libopencm3_stm32f1.a(crc_common_all.o)
 .group         0x0000000000000000        0xc libopencm3/lib/libopencm3_stm32f1.a(crc_common_all.o)
 .group         0x0000000000000000        0xc libopencm3/lib/libopencm3_stm32f1.a(crc_common_all.o)
 .group         0x0000000000000000        0xc libopencm3/lib/libopencm3_stm32f1.a(crc_common_all.o)
 .group         0x0000000000000000        0xc libopencm3/lib/libopencm3_stm32f1.a(crc_common_all.o)
 .group         0x0000000000000000        0xc libopencm3/lib/libopencm3_stm32f1.a(crc_common_all.o)
 .text          0x0000000000000000        0x0 libopencm3/lib/libopencm3_stm32f1.a(crc_common_all.o)
 .data          0x0000000000000000        0x0 libopencm3/lib/libopencm3_stm32f1.a(crc_common_all.o)
 .bss           0x0000000000000000        0x0 libopencm3/lib/libopencm3_stm32f1.a(crc_common_all.o)
 .text.crc_calculate
                0x0000000000000000        0xc libopencm3/lib/libopencm3_stm32f1.a(crc_common_all.o)
 .group         0x0000000000000000        0xc libopencm3/lib/libopencm3_stm32f1.a(desig_common_v1.o)
 .group         0x0000000000000000        0xc libopencm3/lib/libopencm3_stm32f1.a(desig_common_v1.o)
 .group         0x0000000000000000        0xc libopencm3/lib/libopencm3_stm32f1.a(desig_common_v1.o)
 .group         0x0000000000000000        0xc libopencm3/lib/libopencm3_stm32f1.a(desig_common_v1.o)
 .group         0x0000000000000000        0xc libopencm3/lib/libopencm3_stm32f1.a(desig_common_v1.o)
 .group         0x0000000000000000        0xc libopencm3/lib/libopencm3_stm32f1.a(desig_common_v1.o)
 .group         0x0000000000000000        0xc libopencm3/lib/libopencm3_stm32f1.a(desig_common_v1.o)
 .group         0x0000000000000000        0xc libopencm3/lib/libopencm3_stm32f1.a(desig_common_v1.o)
 .group         0x0000000000000000        0xc libopencm3/lib/libopencm3_stm32f1.a(desig_common_v1.o)
 .group         0x0000000000000000        0xc libopencm3/lib/libopencm3_stm32f1.a(desig_common_v1.o)
[...]
Memory Configuration

Name             Origin             Length             Attributes
rom              0x0000000008000000 0x0000000000001000 xr
ram              0x0000000020000000 0x0000000000005000 xrw
*default*        0x0000000000000000 0xffffffffffffffff

Linker script and memory map

LOAD stm32_loader.o
LOAD libopencm3/lib/libopencm3_stm32f1.a
START GROUP
LOAD /usr/bin/../lib/gcc/arm-none-eabi/10.3.1/libgcc.a
LOAD /usr/bin/../lib/gcc/arm-none-eabi/10.3.1/../../../../arm-none-eabi/lib/libc.a
END GROUP

.text           0x0000000008000000      0xac4
 *(.vectors)
 .vectors       0x0000000008000000      0x150 libopencm3/lib/libopencm3_stm32f1.a(vector.o)
                0x0000000008000000                vector_table
 *(.text*)
 .text.dma_setup
                0x0000000008000150       0x6c stm32_loader.o
 .text.wait     0x00000000080001bc       0x16 stm32_loader.o
                0x00000000080001bc                wait
 *fill*         0x00000000080001d2        0x2 
 .text.startup.main
                0x00000000080001d4      0x278 stm32_loader.o
                0x00000000080001d4                main
 .text.crc_reset
                0x000000000800044c       0x10 libopencm3/lib/libopencm3_stm32f1.a(crc_common_all.o)
                0x000000000800044c                crc_reset
 .text.crc_calculate_block
                0x000000000800045c       0x1c libopencm3/lib/libopencm3_stm32f1.a(crc_common_all.o)
                0x000000000800045c                crc_calculate_block
 .text.desig_get_flash_size
                0x0000000008000478        0xc libopencm3/lib/libopencm3_stm32f1.a(desig_common_v1.o)
                0x0000000008000478                desig_get_flash_size
 .text.dma_clear_interrupt_flags
                0x0000000008000484        0xc libopencm3/lib/libopencm3_stm32f1.a(dma_common_l1f013.o)
                0x0000000008000484                dma_clear_interrupt_flags
 .text.dma_get_interrupt_flag
                0x0000000008000490       0x14 libopencm3/lib/libopencm3_stm32f1.a(dma_common_l1f013.o)
                0x0000000008000490                dma_get_interrupt_flag
 .text.dma_set_memory_size
                0x00000000080004a4       0x1a libopencm3/lib/libopencm3_stm32f1.a(dma_common_l1f013.o)
                0x00000000080004a4                dma_set_memory_size
 .text.dma_set_peripheral_size
                0x00000000080004be       0x1a libopencm3/lib/libopencm3_stm32f1.a(dma_common_l1f013.o)
                0x00000000080004be                dma_set_peripheral_size
 .text.dma_enable_memory_increment_mode
                0x00000000080004d8       0x12 libopencm3/lib/libopencm3_stm32f1.a(dma_common_l1f013.o)
                0x00000000080004d8                dma_enable_memory_increment_mode
 .text.dma_enable_channel
                0x00000000080004ea       0x12 libopencm3/lib/libopencm3_stm32f1.a(dma_common_l1f013.o)
                0x00000000080004ea                dma_enable_channel
 .text.dma_disable_channel
                0x00000000080004fc       0x12 libopencm3/lib/libopencm3_stm32f1.a(dma_common_l1f013.o)
                0x00000000080004fc                dma_disable_channel
 .text.dma_set_peripheral_address
                0x000000000800050e       0x12 libopencm3/lib/libopencm3_stm32f1.a(dma_common_l1f013.o)
                0x000000000800050e                dma_set_peripheral_address
 .text.dma_set_memory_address
                0x0000000008000520       0x12 libopencm3/lib/libopencm3_stm32f1.a(dma_common_l1f013.o)
                0x0000000008000520                dma_set_memory_address
 .text.dma_set_number_of_data
                0x0000000008000532        0xc libopencm3/lib/libopencm3_stm32f1.a(dma_common_l1f013.o)
                0x0000000008000532                dma_set_number_of_data
 *fill*         0x000000000800053e        0x2 
 .text.flash_get_status_flags
                0x0000000008000540       0x20 libopencm3/lib/libopencm3_stm32f1.a(flash.o)
                0x0000000008000540                flash_get_status_flags
 .text.flash_program_half_word
                0x0000000008000560       0x64 libopencm3/lib/libopencm3_stm32f1.a(flash.o)
                0x0000000008000560                flash_program_half_word
 .text.flash_erase_page
                0x00000000080005c4       0x74 libopencm3/lib/libopencm3_stm32f1.a(flash.o)
                0x00000000080005c4                flash_erase_page
 .text.flash_unlock
                0x0000000008000638       0x18 libopencm3/lib/libopencm3_stm32f1.a(flash_common_f.o)
                0x0000000008000638                flash_unlock
 .text.flash_lock
                0x0000000008000650       0x10 libopencm3/lib/libopencm3_stm32f1.a(flash_common_f.o)
                0x0000000008000650                flash_lock
 .text.flash_wait_for_last_operation
                0x0000000008000660        0xc libopencm3/lib/libopencm3_stm32f1.a(flash_common_f01.o)
                0x0000000008000660                flash_wait_for_last_operation
 .text.flash_program_word
                0x000000000800066c       0x18 libopencm3/lib/libopencm3_stm32f1.a(flash_common_f01.o)
                0x000000000800066c                flash_program_word
 .text.gpio_set_mode
                0x0000000008000684       0x5e libopencm3/lib/libopencm3_stm32f1.a(gpio.o)
                0x0000000008000684                gpio_set_mode
 .text.gpio_set
                0x00000000080006e2        0x4 libopencm3/lib/libopencm3_stm32f1.a(gpio_common_all.o)
                0x00000000080006e2                gpio_set
 *fill*         0x00000000080006e6        0x2 
 .text.iwdg_start
                0x00000000080006e8       0x10 libopencm3/lib/libopencm3_stm32f1.a(iwdg_common_all.o)
                0x00000000080006e8                iwdg_start
 .text.iwdg_reload_busy
                0x00000000080006f8       0x10 libopencm3/lib/libopencm3_stm32f1.a(iwdg_common_all.o)
                0x00000000080006f8                iwdg_reload_busy
 .text.iwdg_set_period_ms
                0x0000000008000708       0x50 libopencm3/lib/libopencm3_stm32f1.a(iwdg_common_all.o)
                0x0000000008000708                iwdg_set_period_ms
 .text.iwdg_reset
                0x0000000008000758       0x10 libopencm3/lib/libopencm3_stm32f1.a(iwdg_common_all.o)
                0x0000000008000758                iwdg_reset
 .text.rcc_is_osc_ready
                0x0000000008000768       0x58 libopencm3/lib/libopencm3_stm32f1.a(rcc.o)
                0x0000000008000768                rcc_is_osc_ready
 .text.rcc_wait_for_osc_ready
                0x00000000080007c0       0x10 libopencm3/lib/libopencm3_stm32f1.a(rcc.o)
                0x00000000080007c0                rcc_wait_for_osc_ready
 .text.rcc_osc_on
                0x00000000080007d0       0x60 libopencm3/lib/libopencm3_stm32f1.a(rcc.o)
                0x00000000080007d0                rcc_osc_on
 .text.rcc_set_sysclk_source
                0x0000000008000830       0x14 libopencm3/lib/libopencm3_stm32f1.a(rcc.o)
                0x0000000008000830                rcc_set_sysclk_source
 .text.rcc_set_pll_multiplication_factor
                0x0000000008000844       0x14 libopencm3/lib/libopencm3_stm32f1.a(rcc.o)
                0x0000000008000844                rcc_set_pll_multiplication_factor
 .text.rcc_set_pll_source
                0x0000000008000858       0x14 libopencm3/lib/libopencm3_stm32f1.a(rcc.o)
                0x0000000008000858                rcc_set_pll_source
 .text.rcc_set_pllxtpre
                0x000000000800086c       0x14 libopencm3/lib/libopencm3_stm32f1.a(rcc.o)
                0x000000000800086c                rcc_set_pllxtpre
 .text.rcc_set_adcpre
                0x0000000008000880       0x14 libopencm3/lib/libopencm3_stm32f1.a(rcc.o)
                0x0000000008000880                rcc_set_adcpre
 .text.rcc_set_ppre2
                0x0000000008000894       0x14 libopencm3/lib/libopencm3_stm32f1.a(rcc.o)
                0x0000000008000894                rcc_set_ppre2
 .text.rcc_set_ppre1
                0x00000000080008a8       0x14 libopencm3/lib/libopencm3_stm32f1.a(rcc.o)
                0x00000000080008a8                rcc_set_ppre1
 .text.rcc_set_hpre
                0x00000000080008bc       0x14 libopencm3/lib/libopencm3_stm32f1.a(rcc.o)
                0x00000000080008bc                rcc_set_hpre
 .text.rcc_clock_setup_in_hse_8mhz_out_72mhz
                0x00000000080008d0       0x88 libopencm3/lib/libopencm3_stm32f1.a(rcc.o)
                0x00000000080008d0                rcc_clock_setup_in_hse_8mhz_out_72mhz
 .text.rcc_peripheral_enable_clock
                0x0000000008000958        0x8 libopencm3/lib/libopencm3_stm32f1.a(rcc_common_all.o)
                0x0000000008000958                rcc_peripheral_enable_clock
 .text.usart_set_baudrate
                0x0000000008000960       0x28 libopencm3/lib/libopencm3_stm32f1.a(usart_common_all.o)
                0x0000000008000960                usart_set_baudrate
 .text.usart_set_databits
                0x0000000008000988       0x12 libopencm3/lib/libopencm3_stm32f1.a(usart_common_all.o)
                0x0000000008000988                usart_set_databits
 .text.usart_set_stopbits
                0x000000000800099a        0xc libopencm3/lib/libopencm3_stm32f1.a(usart_common_all.o)
                0x000000000800099a                usart_set_stopbits
 .text.usart_set_parity
                0x00000000080009a6        0xc libopencm3/lib/libopencm3_stm32f1.a(usart_common_all.o)
                0x00000000080009a6                usart_set_parity
 .text.usart_set_mode
                0x00000000080009b2        0xc libopencm3/lib/libopencm3_stm32f1.a(usart_common_all.o)
                0x00000000080009b2                usart_set_mode
 .text.usart_set_flow_control
                0x00000000080009be        0xc libopencm3/lib/libopencm3_stm32f1.a(usart_common_all.o)
                0x00000000080009be                usart_set_flow_control
 .text.usart_enable
                0x00000000080009ca        0xa libopencm3/lib/libopencm3_stm32f1.a(usart_common_all.o)
                0x00000000080009ca                usart_enable
 .text.usart_disable
                0x00000000080009d4        0xa libopencm3/lib/libopencm3_stm32f1.a(usart_common_all.o)
                0x00000000080009d4                usart_disable
 .text.usart_send_blocking
                0x00000000080009de       0x16 libopencm3/lib/libopencm3_stm32f1.a(usart_common_all.o)
                0x00000000080009de                usart_send_blocking
 .text.usart_enable_rx_dma
                0x00000000080009f4        0xa libopencm3/lib/libopencm3_stm32f1.a(usart_common_all.o)
                0x00000000080009f4                usart_enable_rx_dma
 .text.usart_send
                0x00000000080009fe        0x8 libopencm3/lib/libopencm3_stm32f1.a(usart_common_f124.o)
                0x00000000080009fe                usart_send
 .text.usart_recv
                0x0000000008000a06        0x8 libopencm3/lib/libopencm3_stm32f1.a(usart_common_f124.o)
                0x0000000008000a06                usart_recv
 .text.usart_wait_send_ready
                0x0000000008000a0e        0x8 libopencm3/lib/libopencm3_stm32f1.a(usart_common_f124.o)
                0x0000000008000a0e                usart_wait_send_ready
 .text.blocking_handler
                0x0000000008000a16        0x2 libopencm3/lib/libopencm3_stm32f1.a(vector.o)
                0x0000000008000a16                usart3_isr
                0x0000000008000a16                rtc_isr
                0x0000000008000a16                tim7_isr
                0x0000000008000a16                adc1_2_isr
                0x0000000008000a16                tim1_trg_com_isr
                0x0000000008000a16                usb_hp_can_tx_isr
                0x0000000008000a16                tim6_isr
                0x0000000008000a16                usb_wakeup_isr
                0x0000000008000a16                blocking_handler
                0x0000000008000a16                tim5_isr
                0x0000000008000a16                otg_fs_isr
                0x0000000008000a16                spi1_isr
                0x0000000008000a16                exti2_isr
                0x0000000008000a16                dma1_channel6_isr
                0x0000000008000a16                can_rx1_isr
                0x0000000008000a16                dma1_channel5_isr
                0x0000000008000a16                dma2_channel5_isr
                0x0000000008000a16                usart1_isr
                0x0000000008000a16                usage_fault_handler
                0x0000000008000a16                tim8_trg_com_isr
                0x0000000008000a16                can2_rx0_isr
                0x0000000008000a16                tim1_brk_isr
                0x0000000008000a16                can2_rx1_isr
                0x0000000008000a16                tim1_cc_isr
                0x0000000008000a16                sdio_isr
                0x0000000008000a16                eth_isr
                0x0000000008000a16                dma1_channel4_isr
                0x0000000008000a16                tim8_brk_isr
                0x0000000008000a16                dma2_channel4_5_isr
                0x0000000008000a16                pvd_isr
                0x0000000008000a16                rcc_isr
                0x0000000008000a16                flash_isr
                0x0000000008000a16                uart4_isr
                0x0000000008000a16                rtc_alarm_isr
                0x0000000008000a16                exti15_10_isr
                0x0000000008000a16                hard_fault_handler
                0x0000000008000a16                exti1_isr
                0x0000000008000a16                i2c1_ev_isr
                0x0000000008000a16                dma2_channel1_isr
                0x0000000008000a16                spi2_isr
                0x0000000008000a16                tim8_up_isr
                0x0000000008000a16                dma2_channel2_isr
                0x0000000008000a16                exti3_isr
                0x0000000008000a16                adc3_isr
                0x0000000008000a16                tim3_isr
                0x0000000008000a16                usart2_isr
                0x0000000008000a16                usb_lp_can_rx0_isr
                0x0000000008000a16                i2c2_er_isr
                0x0000000008000a16                i2c2_ev_isr
                0x0000000008000a16                uart5_isr
                0x0000000008000a16                fsmc_isr
                0x0000000008000a16                dma1_channel1_isr
                0x0000000008000a16                exti4_isr
                0x0000000008000a16                mem_manage_handler
                0x0000000008000a16                can2_tx_isr
                0x0000000008000a16                exti9_5_isr
                0x0000000008000a16                dma2_channel3_isr
                0x0000000008000a16                dma1_channel7_isr
                0x0000000008000a16                tim1_up_isr
                0x0000000008000a16                can2_sce_isr
                0x0000000008000a16                tim4_isr
                0x0000000008000a16                dma1_channel2_isr
                0x0000000008000a16                i2c1_er_isr
                0x0000000008000a16                can_sce_isr
                0x0000000008000a16                tim8_cc_isr
                0x0000000008000a16                tamper_isr
                0x0000000008000a16                eth_wkup_isr
                0x0000000008000a16                bus_fault_handler
                0x0000000008000a16                wwdg_isr
                0x0000000008000a16                dma1_channel3_isr
                0x0000000008000a16                spi3_isr
                0x0000000008000a16                tim2_isr
                0x0000000008000a16                exti0_isr
 .text.null_handler
                0x0000000008000a18        0x2 libopencm3/lib/libopencm3_stm32f1.a(vector.o)
                0x0000000008000a18                null_handler
                0x0000000008000a18                sv_call_handler
                0x0000000008000a18                pend_sv_handler
                0x0000000008000a18                debug_monitor_handler
                0x0000000008000a18                sys_tick_handler
                0x0000000008000a18                nmi_handler
 *fill*         0x0000000008000a1a        0x2 
 .text.reset_handler
                0x0000000008000a1c       0x94 libopencm3/lib/libopencm3_stm32f1.a(vector.o)
                0x0000000008000a1c                reset_handler
 .text.flash_set_ws
                0x0000000008000ab0       0x14 libopencm3/lib/libopencm3_stm32f1.a(flash_common_all.o)
                0x0000000008000ab0                flash_set_ws
                0x0000000008000ac4                . = ALIGN (0x4)
 *(.rodata*)
                0x0000000008000ac4                . = ALIGN (0x4)

.glue_7         0x0000000008000ac4        0x0
 .glue_7        0x0000000008000ac4        0x0 linker stubs

.glue_7t        0x0000000008000ac4        0x0
 .glue_7t       0x0000000008000ac4        0x0 linker stubs

.vfp11_veneer   0x0000000008000ac4        0x0
 .vfp11_veneer  0x0000000008000ac4        0x0 linker stubs

.v4_bx          0x0000000008000ac4        0x0
 .v4_bx         0x0000000008000ac4        0x0 linker stubs

.iplt           0x0000000008000ac4        0x0
 .iplt          0x0000000008000ac4        0x0 stm32_loader.o

.rel.dyn        0x0000000008000ac4        0x0
 .rel.iplt      0x0000000008000ac4        0x0 stm32_loader.o

.preinit_array  0x0000000008000ac4        0x0
                0x0000000008000ac4                . = ALIGN (0x4)
                0x0000000008000ac4                __preinit_array_start = .
 *(.preinit_array)
                0x0000000008000ac4                __preinit_array_end = .

.init_array     0x0000000008000ac4        0x0
                0x0000000008000ac4                . = ALIGN (0x4)
                0x0000000008000ac4                __init_array_start = .
 *(SORT_BY_NAME(.init_array.*))
 *(.init_array)
                0x0000000008000ac4                __init_array_end = .

.fini_array     0x0000000008000ac4        0x0
                0x0000000008000ac4                . = ALIGN (0x4)
                0x0000000008000ac4                __fini_array_start = .
 *(.fini_array)
 *(SORT_BY_NAME(.fini_array.*))
                0x0000000008000ac4                __fini_array_end = .

.ARM.extab
 *(.ARM.extab*)

.ARM.exidx      0x0000000008000ac4        0x0
                0x0000000008000ac4                __exidx_start = .
 *(.ARM.exidx*)
                0x0000000008000ac4                __exidx_end = .
                0x0000000008000ac4                . = ALIGN (0x4)
                0x0000000008000ac4                _etext = .

.noinit
 *(.noinit*)
                0x0000000008000ac4                . = ALIGN (0x4)

.data           0x0000000020000000        0xc load address 0x0000000008000ac4
                0x0000000020000000                _data = .
 *(.data*)
 .data.rcc_ahb_frequency
                0x0000000020000000        0x4 libopencm3/lib/libopencm3_stm32f1.a(rcc.o)
                0x0000000020000000                rcc_ahb_frequency
 .data.rcc_apb1_frequency
                0x0000000020000004        0x4 libopencm3/lib/libopencm3_stm32f1.a(rcc.o)
                0x0000000020000004                rcc_apb1_frequency
 .data.rcc_apb2_frequency
                0x0000000020000008        0x4 libopencm3/lib/libopencm3_stm32f1.a(rcc.o)
                0x0000000020000008                rcc_apb2_frequency
 *(.ramtext*)
                0x000000002000000c                . = ALIGN (0x4)
                0x000000002000000c                _edata = .
                0x0000000008000ac4                _data_loadaddr = LOADADDR (.data)

.igot.plt       0x000000002000000c        0x0 load address 0x0000000008000ad0
 .igot.plt      0x000000002000000c        0x0 stm32_loader.o

.bss            0x000000002000000c        0x0 load address 0x0000000008000ad0
 *(.bss*)
 *(COMMON)
                0x000000002000000c                . = ALIGN (0x4)
                0x000000002000000c                _ebss = .

/DISCARD/
 *(.eh_frame)
                0x000000002000000c                . = ALIGN (0x4)
                0x000000002000000c                end = .
                0x0000000020005000                PROVIDE (_stack = (ORIGIN (ram) + LENGTH (ram)))
OUTPUT(stm32_loader elf32-littlearm)
LOAD linker stubs

.comment        0x0000000000000000       0x49
 .comment       0x0000000000000000       0x49 stm32_loader.o
                                         0x4a (size before relaxing)
 .comment       0x0000000000000049       0x4a libopencm3/lib/libopencm3_stm32f1.a(crc_common_all.o)
 .comment       0x0000000000000049       0x4a libopencm3/lib/libopencm3_stm32f1.a(desig_common_v1.o)
 .comment       0x0000000000000049       0x4a libopencm3/lib/libopencm3_stm32f1.a(dma_common_l1f013.o)
 .comment       0x0000000000000049       0x4a libopencm3/lib/libopencm3_stm32f1.a(flash.o)
 .comment       0x0000000000000049       0x4a libopencm3/lib/libopencm3_stm32f1.a(flash_common_f.o)
 .comment       0x0000000000000049       0x4a libopencm3/lib/libopencm3_stm32f1.a(flash_common_f01.o)
 .comment       0x0000000000000049       0x4a libopencm3/lib/libopencm3_stm32f1.a(gpio.o)
 .comment       0x0000000000000049       0x4a libopencm3/lib/libopencm3_stm32f1.a(gpio_common_all.o)
 .comment       0x0000000000000049       0x4a libopencm3/lib/libopencm3_stm32f1.a(iwdg_common_all.o)
 .comment       0x0000000000000049       0x4a libopencm3/lib/libopencm3_stm32f1.a(rcc.o)
 .comment       0x0000000000000049       0x4a libopencm3/lib/libopencm3_stm32f1.a(rcc_common_all.o)
 .comment       0x0000000000000049       0x4a libopencm3/lib/libopencm3_stm32f1.a(usart_common_all.o)
 .comment       0x0000000000000049       0x4a libopencm3/lib/libopencm3_stm32f1.a(usart_common_f124.o)
 .comment       0x0000000000000049       0x4a libopencm3/lib/libopencm3_stm32f1.a(vector.o)
 .comment       0x0000000000000049       0x4a libopencm3/lib/libopencm3_stm32f1.a(flash_common_all.o)

.ARM.attributes
                0x0000000000000000       0x2d
 .ARM.attributes
                0x0000000000000000       0x2d stm32_loader.o
 .ARM.attributes
                0x000000000000002d       0x2d libopencm3/lib/libopencm3_stm32f1.a(crc_common_all.o)
 .ARM.attributes
                0x000000000000005a       0x2d libopencm3/lib/libopencm3_stm32f1.a(desig_common_v1.o)
 .ARM.attributes
                0x0000000000000087       0x2d libopencm3/lib/libopencm3_stm32f1.a(dma_common_l1f013.o)
 .ARM.attributes
                0x00000000000000b4       0x2d libopencm3/lib/libopencm3_stm32f1.a(flash.o)
 .ARM.attributes
                0x00000000000000e1       0x2d libopencm3/lib/libopencm3_stm32f1.a(flash_common_f.o)
 .ARM.attributes
                0x000000000000010e       0x2d libopencm3/lib/libopencm3_stm32f1.a(flash_common_f01.o)
 .ARM.attributes
                0x000000000000013b       0x2d libopencm3/lib/libopencm3_stm32f1.a(gpio.o)
 .ARM.attributes
                0x0000000000000168       0x2d libopencm3/lib/libopencm3_stm32f1.a(gpio_common_all.o)
 .ARM.attributes
                0x0000000000000195       0x2d libopencm3/lib/libopencm3_stm32f1.a(iwdg_common_all.o)
 .ARM.attributes
                0x00000000000001c2       0x2d libopencm3/lib/libopencm3_stm32f1.a(rcc.o)
 .ARM.attributes
                0x00000000000001ef       0x2d libopencm3/lib/libopencm3_stm32f1.a(rcc_common_all.o)
 .ARM.attributes
                0x000000000000021c       0x2d libopencm3/lib/libopencm3_stm32f1.a(usart_common_all.o)
 .ARM.attributes
                0x0000000000000249       0x2d libopencm3/lib/libopencm3_stm32f1.a(usart_common_f124.o)
 .ARM.attributes
                0x0000000000000276       0x2d libopencm3/lib/libopencm3_stm32f1.a(vector.o)
 .ARM.attributes
                0x00000000000002a3       0x2d libopencm3/lib/libopencm3_stm32f1.a(flash_common_all.o)

.debug_info     0x0000000000000000     0x3cfb
 .debug_info    0x0000000000000000      0x11e libopencm3/lib/libopencm3_stm32f1.a(crc_common_all.o)
 .debug_info    0x000000000000011e       0xe7 libopencm3/lib/libopencm3_stm32f1.a(desig_common_v1.o)
 .debug_info    0x0000000000000205      0x7e2 libopencm3/lib/libopencm3_stm32f1.a(dma_common_l1f013.o)
 .debug_info    0x00000000000009e7      0x395 libopencm3/lib/libopencm3_stm32f1.a(flash.o)
 .debug_info    0x0000000000000d7c       0xbe libopencm3/lib/libopencm3_stm32f1.a(flash_common_f.o)
 .debug_info    0x0000000000000e3a      0x209 libopencm3/lib/libopencm3_stm32f1.a(flash_common_f01.o)
 .debug_info    0x0000000000001043      0x210 libopencm3/lib/libopencm3_stm32f1.a(gpio.o)
 .debug_info    0x0000000000001253      0x266 libopencm3/lib/libopencm3_stm32f1.a(gpio_common_all.o)
 .debug_info    0x00000000000014b9      0x17c libopencm3/lib/libopencm3_stm32f1.a(iwdg_common_all.o)
 .debug_info    0x0000000000001635     0x1574 libopencm3/lib/libopencm3_stm32f1.a(rcc.o)
 .debug_info    0x0000000000002ba9      0x63d libopencm3/lib/libopencm3_stm32f1.a(rcc_common_all.o)
 .debug_info    0x00000000000031e6      0x5a4 libopencm3/lib/libopencm3_stm32f1.a(usart_common_all.o)
 .debug_info    0x000000000000378a      0x19e libopencm3/lib/libopencm3_stm32f1.a(usart_common_f124.o)
 .debug_info    0x0000000000003928      0x2dd libopencm3/lib/libopencm3_stm32f1.a(vector.o)
 .debug_info    0x0000000000003c05       0xf6 libopencm3/lib/libopencm3_stm32f1.a(flash_common_all.o)

.debug_abbrev   0x0000000000000000      0xff7
 .debug_abbrev  0x0000000000000000       0xb6 libopencm3/lib/libopencm3_stm32f1.a(crc_common_all.o)
 .debug_abbrev  0x00000000000000b6       0x91 libopencm3/lib/libopencm3_stm32f1.a(desig_common_v1.o)
 .debug_abbrev  0x0000000000000147      0x161 libopencm3/lib/libopencm3_stm32f1.a(dma_common_l1f013.o)
 .debug_abbrev  0x00000000000002a8      0x17e libopencm3/lib/libopencm3_stm32f1.a(flash.o)
 .debug_abbrev  0x0000000000000426       0x56 libopencm3/lib/libopencm3_stm32f1.a(flash_common_f.o)
 .debug_abbrev  0x000000000000047c       0xcb libopencm3/lib/libopencm3_stm32f1.a(flash_common_f01.o)
 .debug_abbrev  0x0000000000000547       0xd0 libopencm3/lib/libopencm3_stm32f1.a(gpio.o)
 .debug_abbrev  0x0000000000000617      0x116 libopencm3/lib/libopencm3_stm32f1.a(gpio_common_all.o)
 .debug_abbrev  0x000000000000072d      0x112 libopencm3/lib/libopencm3_stm32f1.a(iwdg_common_all.o)
 .debug_abbrev  0x000000000000083f      0x282 libopencm3/lib/libopencm3_stm32f1.a(rcc.o)
 .debug_abbrev  0x0000000000000ac1      0x17c libopencm3/lib/libopencm3_stm32f1.a(rcc_common_all.o)
 .debug_abbrev  0x0000000000000c3d      0x129 libopencm3/lib/libopencm3_stm32f1.a(usart_common_all.o)
 .debug_abbrev  0x0000000000000d66       0xb5 libopencm3/lib/libopencm3_stm32f1.a(usart_common_f124.o)
 .debug_abbrev  0x0000000000000e1b      0x145 libopencm3/lib/libopencm3_stm32f1.a(vector.o)
 .debug_abbrev  0x0000000000000f60       0x97 libopencm3/lib/libopencm3_stm32f1.a(flash_common_all.o)

.debug_loc      0x0000000000000000     0x1411
 .debug_loc     0x0000000000000000       0x94 libopencm3/lib/libopencm3_stm32f1.a(crc_common_all.o)
 .debug_loc     0x0000000000000094       0x33 libopencm3/lib/libopencm3_stm32f1.a(desig_common_v1.o)
 .debug_loc     0x00000000000000c7      0x785 libopencm3/lib/libopencm3_stm32f1.a(dma_common_l1f013.o)
 .debug_loc     0x000000000000084c       0xab libopencm3/lib/libopencm3_stm32f1.a(flash.o)
 .debug_loc     0x00000000000008f7       0xca libopencm3/lib/libopencm3_stm32f1.a(flash_common_f01.o)
 .debug_loc     0x00000000000009c1      0x14c libopencm3/lib/libopencm3_stm32f1.a(gpio.o)
 .debug_loc     0x0000000000000b0d       0xbe libopencm3/lib/libopencm3_stm32f1.a(gpio_common_all.o)
 .debug_loc     0x0000000000000bcb       0xbf libopencm3/lib/libopencm3_stm32f1.a(iwdg_common_all.o)
 .debug_loc     0x0000000000000c8a      0x3d0 libopencm3/lib/libopencm3_stm32f1.a(rcc.o)
 .debug_loc     0x000000000000105a       0x94 libopencm3/lib/libopencm3_stm32f1.a(rcc_common_all.o)
 .debug_loc     0x00000000000010ee      0x14d libopencm3/lib/libopencm3_stm32f1.a(usart_common_all.o)
 .debug_loc     0x000000000000123b       0x99 libopencm3/lib/libopencm3_stm32f1.a(usart_common_f124.o)
 .debug_loc     0x00000000000012d4      0x128 libopencm3/lib/libopencm3_stm32f1.a(vector.o)
 .debug_loc     0x00000000000013fc       0x15 libopencm3/lib/libopencm3_stm32f1.a(flash_common_all.o)

.debug_aranges  0x0000000000000000      0x650
 .debug_aranges
                0x0000000000000000       0x30 libopencm3/lib/libopencm3_stm32f1.a(crc_common_all.o)
 .debug_aranges
                0x0000000000000030       0x28 libopencm3/lib/libopencm3_stm32f1.a(desig_common_v1.o)
 .debug_aranges
                0x0000000000000058       0xe8 libopencm3/lib/libopencm3_stm32f1.a(dma_common_l1f013.o)
 .debug_aranges
                0x0000000000000140       0x80 libopencm3/lib/libopencm3_stm32f1.a(flash.o)
 .debug_aranges
                0x00000000000001c0       0x30 libopencm3/lib/libopencm3_stm32f1.a(flash_common_f.o)
 .debug_aranges
                0x00000000000001f0       0x48 libopencm3/lib/libopencm3_stm32f1.a(flash_common_f01.o)
 .debug_aranges
                0x0000000000000238       0x38 libopencm3/lib/libopencm3_stm32f1.a(gpio.o)
 .debug_aranges
                0x0000000000000270       0x50 libopencm3/lib/libopencm3_stm32f1.a(gpio_common_all.o)
 .debug_aranges
                0x00000000000002c0       0x40 libopencm3/lib/libopencm3_stm32f1.a(iwdg_common_all.o)
 .debug_aranges
                0x0000000000000300      0x170 libopencm3/lib/libopencm3_stm32f1.a(rcc.o)
 .debug_aranges
                0x0000000000000470       0x60 libopencm3/lib/libopencm3_stm32f1.a(rcc_common_all.o)
 .debug_aranges
                0x00000000000004d0       0xd8 libopencm3/lib/libopencm3_stm32f1.a(usart_common_all.o)
 .debug_aranges
                0x00000000000005a8       0x40 libopencm3/lib/libopencm3_stm32f1.a(usart_common_f124.o)
 .debug_aranges
                0x00000000000005e8       0x30 libopencm3/lib/libopencm3_stm32f1.a(vector.o)
 .debug_aranges
                0x0000000000000618       0x38 libopencm3/lib/libopencm3_stm32f1.a(flash_common_all.o)

.debug_ranges   0x0000000000000000      0x620
 .debug_ranges  0x0000000000000000       0x20 libopencm3/lib/libopencm3_stm32f1.a(crc_common_all.o)
 .debug_ranges  0x0000000000000020       0x18 libopencm3/lib/libopencm3_stm32f1.a(desig_common_v1.o)
 .debug_ranges  0x0000000000000038       0xd8 libopencm3/lib/libopencm3_stm32f1.a(dma_common_l1f013.o)
 .debug_ranges  0x0000000000000110       0x70 libopencm3/lib/libopencm3_stm32f1.a(flash.o)
 .debug_ranges  0x0000000000000180       0x20 libopencm3/lib/libopencm3_stm32f1.a(flash_common_f.o)
 .debug_ranges  0x00000000000001a0       0x38 libopencm3/lib/libopencm3_stm32f1.a(flash_common_f01.o)
 .debug_ranges  0x00000000000001d8       0x28 libopencm3/lib/libopencm3_stm32f1.a(gpio.o)
 .debug_ranges  0x0000000000000200       0x40 libopencm3/lib/libopencm3_stm32f1.a(gpio_common_all.o)
 .debug_ranges  0x0000000000000240       0x48 libopencm3/lib/libopencm3_stm32f1.a(iwdg_common_all.o)
 .debug_ranges  0x0000000000000288      0x208 libopencm3/lib/libopencm3_stm32f1.a(rcc.o)
 .debug_ranges  0x0000000000000490       0x50 libopencm3/lib/libopencm3_stm32f1.a(rcc_common_all.o)
 .debug_ranges  0x00000000000004e0       0xc8 libopencm3/lib/libopencm3_stm32f1.a(usart_common_all.o)
 .debug_ranges  0x00000000000005a8       0x30 libopencm3/lib/libopencm3_stm32f1.a(usart_common_f124.o)
 .debug_ranges  0x00000000000005d8       0x20 libopencm3/lib/libopencm3_stm32f1.a(vector.o)
 .debug_ranges  0x00000000000005f8       0x28 libopencm3/lib/libopencm3_stm32f1.a(flash_common_all.o)

.debug_macro    0x0000000000000000     0x4466
 .debug_macro   0x0000000000000000       0xb3 libopencm3/lib/libopencm3_stm32f1.a(crc_common_all.o)
 .debug_macro   0x00000000000000b3      0xa60 libopencm3/lib/libopencm3_stm32f1.a(crc_common_all.o)
 .debug_macro   0x0000000000000b13       0x1c libopencm3/lib/libopencm3_stm32f1.a(crc_common_all.o)
 .debug_macro   0x0000000000000b2f       0x22 libopencm3/lib/libopencm3_stm32f1.a(crc_common_all.o)
 .debug_macro   0x0000000000000b51       0x56 libopencm3/lib/libopencm3_stm32f1.a(crc_common_all.o)
 .debug_macro   0x0000000000000ba7       0x51 libopencm3/lib/libopencm3_stm32f1.a(crc_common_all.o)
 .debug_macro   0x0000000000000bf8      0x103 libopencm3/lib/libopencm3_stm32f1.a(crc_common_all.o)
 .debug_macro   0x0000000000000cfb       0x6a libopencm3/lib/libopencm3_stm32f1.a(crc_common_all.o)
 .debug_macro   0x0000000000000d65      0x1df libopencm3/lib/libopencm3_stm32f1.a(crc_common_all.o)
 .debug_macro   0x0000000000000f44       0x22 libopencm3/lib/libopencm3_stm32f1.a(crc_common_all.o)
 .debug_macro   0x0000000000000f66       0xe8 libopencm3/lib/libopencm3_stm32f1.a(crc_common_all.o)
 .debug_macro   0x000000000000104e       0x76 libopencm3/lib/libopencm3_stm32f1.a(crc_common_all.o)
 .debug_macro   0x00000000000010c4      0x1b4 libopencm3/lib/libopencm3_stm32f1.a(crc_common_all.o)
 .debug_macro   0x0000000000001278       0x1c libopencm3/lib/libopencm3_stm32f1.a(crc_common_all.o)
 .debug_macro   0x0000000000001294       0xa6 libopencm3/lib/libopencm3_stm32f1.a(desig_common_v1.o)
 .debug_macro   0x000000000000133a       0xb3 libopencm3/lib/libopencm3_stm32f1.a(dma_common_l1f013.o)
 .debug_macro   0x00000000000013ed      0x4f5 libopencm3/lib/libopencm3_stm32f1.a(dma_common_l1f013.o)
 .debug_macro   0x00000000000018e2       0xca libopencm3/lib/libopencm3_stm32f1.a(flash.o)
 .debug_macro   0x00000000000019ac       0xee libopencm3/lib/libopencm3_stm32f1.a(flash.o)
 .debug_macro   0x0000000000001a9a       0x82 libopencm3/lib/libopencm3_stm32f1.a(flash.o)
 .debug_macro   0x0000000000001b1c       0xc0 libopencm3/lib/libopencm3_stm32f1.a(flash_common_f.o)
 .debug_macro   0x0000000000001bdc       0xc0 libopencm3/lib/libopencm3_stm32f1.a(flash_common_f01.o)
 .debug_macro   0x0000000000001c9c       0xb8 libopencm3/lib/libopencm3_stm32f1.a(gpio.o)
 .debug_macro   0x0000000000001d54       0x76 libopencm3/lib/libopencm3_stm32f1.a(gpio.o)
 .debug_macro   0x0000000000001dca      0xe04 libopencm3/lib/libopencm3_stm32f1.a(gpio.o)
 .debug_macro   0x0000000000002bce       0xb8 libopencm3/lib/libopencm3_stm32f1.a(gpio_common_all.o)
 .debug_macro   0x0000000000002c86       0xc5 libopencm3/lib/libopencm3_stm32f1.a(iwdg_common_all.o)
 .debug_macro   0x0000000000002d4b       0x70 libopencm3/lib/libopencm3_stm32f1.a(iwdg_common_all.o)
 .debug_macro   0x0000000000002dbb       0xe7 libopencm3/lib/libopencm3_stm32f1.a(rcc.o)
 .debug_macro   0x0000000000002ea2       0x16 libopencm3/lib/libopencm3_stm32f1.a(rcc.o)
 .debug_macro   0x0000000000002eb8      0x8c6 libopencm3/lib/libopencm3_stm32f1.a(rcc.o)
 .debug_macro   0x000000000000377e       0xce libopencm3/lib/libopencm3_stm32f1.a(rcc_common_all.o)
 .debug_macro   0x000000000000384c       0xda libopencm3/lib/libopencm3_stm32f1.a(usart_common_all.o)
 .debug_macro   0x0000000000003926       0x94 libopencm3/lib/libopencm3_stm32f1.a(usart_common_all.o)
 .debug_macro   0x00000000000039ba      0x29e libopencm3/lib/libopencm3_stm32f1.a(usart_common_all.o)
 .debug_macro   0x0000000000003c58       0xda libopencm3/lib/libopencm3_stm32f1.a(usart_common_f124.o)
 .debug_macro   0x0000000000003d32       0xcf libopencm3/lib/libopencm3_stm32f1.a(vector.o)
 .debug_macro   0x0000000000003e01      0x395 libopencm3/lib/libopencm3_stm32f1.a(vector.o)
 .debug_macro   0x0000000000004196       0x6e libopencm3/lib/libopencm3_stm32f1.a(vector.o)
 .debug_macro   0x0000000000004204      0x1a2 libopencm3/lib/libopencm3_stm32f1.a(vector.o)
 .debug_macro   0x00000000000043a6       0xc0 libopencm3/lib/libopencm3_stm32f1.a(flash_common_all.o)

.debug_line     0x0000000000000000     0x3fe6
 .debug_line    0x0000000000000000      0x2c6 libopencm3/lib/libopencm3_stm32f1.a(crc_common_all.o)
 .debug_line    0x00000000000002c6      0x230 libopencm3/lib/libopencm3_stm32f1.a(desig_common_v1.o)
 .debug_line    0x00000000000004f6      0x5c8 libopencm3/lib/libopencm3_stm32f1.a(dma_common_l1f013.o)
 .debug_line    0x0000000000000abe      0x547 libopencm3/lib/libopencm3_stm32f1.a(flash.o)
 .debug_line    0x0000000000001005      0x2b0 libopencm3/lib/libopencm3_stm32f1.a(flash_common_f.o)
 .debug_line    0x00000000000012b5      0x379 libopencm3/lib/libopencm3_stm32f1.a(flash_common_f01.o)
 .debug_line    0x000000000000162e      0x32b libopencm3/lib/libopencm3_stm32f1.a(gpio.o)
 .debug_line    0x0000000000001959      0x335 libopencm3/lib/libopencm3_stm32f1.a(gpio_common_all.o)
 .debug_line    0x0000000000001c8e      0x365 libopencm3/lib/libopencm3_stm32f1.a(iwdg_common_all.o)
 .debug_line    0x0000000000001ff3      0xce7 libopencm3/lib/libopencm3_stm32f1.a(rcc.o)
 .debug_line    0x0000000000002cda      0x394 libopencm3/lib/libopencm3_stm32f1.a(rcc_common_all.o)
 .debug_line    0x000000000000306e      0x5a8 libopencm3/lib/libopencm3_stm32f1.a(usart_common_all.o)
 .debug_line    0x0000000000003616      0x32a libopencm3/lib/libopencm3_stm32f1.a(usart_common_f124.o)
 .debug_line    0x0000000000003940      0x3c0 libopencm3/lib/libopencm3_stm32f1.a(vector.o)
 .debug_line    0x0000000000003d00      0x2e6 libopencm3/lib/libopencm3_stm32f1.a(flash_common_all.o)

.debug_str      0x0000000000000000    0x11a43
 .debug_str     0x0000000000000000     0x4bd4 libopencm3/lib/libopencm3_stm32f1.a(crc_common_all.o)
                                       0x4d42 (size before relaxing)
 .debug_str     0x0000000000004bd4       0x6b libopencm3/lib/libopencm3_stm32f1.a(desig_common_v1.o)
                                       0x4cd9 (size before relaxing)
 .debug_str     0x0000000000004c3f     0x1f12 libopencm3/lib/libopencm3_stm32f1.a(dma_common_l1f013.o)
                                       0x6bce (size before relaxing)
 .debug_str     0x0000000000006b51      0x965 libopencm3/lib/libopencm3_stm32f1.a(flash.o)
                                       0x5624 (size before relaxing)
 .debug_str     0x00000000000074b6       0x33 libopencm3/lib/libopencm3_stm32f1.a(flash_common_f.o)
                                       0x5464 (size before relaxing)
 .debug_str     0x00000000000074e9       0x7e libopencm3/lib/libopencm3_stm32f1.a(flash_common_f01.o)
                                       0x5539 (size before relaxing)
 .debug_str     0x0000000000007567     0x3837 libopencm3/lib/libopencm3_stm32f1.a(gpio.o)
                                       0x84c7 (size before relaxing)
 .debug_str     0x000000000000ad9e       0x80 libopencm3/lib/libopencm3_stm32f1.a(gpio_common_all.o)
                                       0x84bb (size before relaxing)
 .debug_str     0x000000000000ae1e      0x281 libopencm3/lib/libopencm3_stm32f1.a(iwdg_common_all.o)
                                       0x4efe (size before relaxing)
 .debug_str     0x000000000000b09f     0x2ce4 libopencm3/lib/libopencm3_stm32f1.a(rcc.o)
                                       0x81af (size before relaxing)
 .debug_str     0x000000000000dd83      0x5c7 libopencm3/lib/libopencm3_stm32f1.a(rcc_common_all.o)
                                       0x78bd (size before relaxing)
 .debug_str     0x000000000000e34a     0x11fd libopencm3/lib/libopencm3_stm32f1.a(usart_common_all.o)
                                       0x84de (size before relaxing)
 .debug_str     0x000000000000f547       0x2d libopencm3/lib/libopencm3_stm32f1.a(usart_common_f124.o)
                                       0x8272 (size before relaxing)
 .debug_str     0x000000000000f574     0x2485 libopencm3/lib/libopencm3_stm32f1.a(vector.o)
                                       0x6590 (size before relaxing)
 .debug_str     0x00000000000119f9       0x4a libopencm3/lib/libopencm3_stm32f1.a(flash_common_all.o)
                                       0x5493 (size before relaxing)

.debug_frame    0x0000000000000000      0xc44
 .debug_frame   0x0000000000000000       0x48 libopencm3/lib/libopencm3_stm32f1.a(crc_common_all.o)
 .debug_frame   0x0000000000000048       0x30 libopencm3/lib/libopencm3_stm32f1.a(desig_common_v1.o)
 .debug_frame   0x0000000000000078      0x1c8 libopencm3/lib/libopencm3_stm32f1.a(dma_common_l1f013.o)
 .debug_frame   0x0000000000000240      0x138 libopencm3/lib/libopencm3_stm32f1.a(flash.o)
 .debug_frame   0x0000000000000378       0x40 libopencm3/lib/libopencm3_stm32f1.a(flash_common_f.o)
 .debug_frame   0x00000000000003b8       0xa0 libopencm3/lib/libopencm3_stm32f1.a(flash_common_f01.o)
 .debug_frame   0x0000000000000458       0x60 libopencm3/lib/libopencm3_stm32f1.a(gpio.o)
 .debug_frame   0x00000000000004b8       0x80 libopencm3/lib/libopencm3_stm32f1.a(gpio_common_all.o)
 .debug_frame   0x0000000000000538       0x68 libopencm3/lib/libopencm3_stm32f1.a(iwdg_common_all.o)
 .debug_frame   0x00000000000005a0      0x318 libopencm3/lib/libopencm3_stm32f1.a(rcc.o)
 .debug_frame   0x00000000000008b8       0xe0 libopencm3/lib/libopencm3_stm32f1.a(rcc_common_all.o)
 .debug_frame   0x0000000000000998      0x1b0 libopencm3/lib/libopencm3_stm32f1.a(usart_common_all.o)
 .debug_frame   0x0000000000000b48       0x60 libopencm3/lib/libopencm3_stm32f1.a(usart_common_f124.o)
 .debug_frame   0x0000000000000ba8       0x4c libopencm3/lib/libopencm3_stm32f1.a(vector.o)
 .debug_frame   0x0000000000000bf4       0x50 libopencm3/lib/libopencm3_stm32f1.a(flash_common_all.o)
